// Jest Snapshot v1, https://goo.gl/fbAQLP

exports[`TextInput snapshot 1`] = `
<input
  className="form-control"
/>
`;
