// Jest Snapshot v1, https://goo.gl/fbAQLP

exports[`ValidationBadge snapshot 1`] = `null`;
